2020-07-05 19:04:33,900::INFO::测试用例1：新增项目成功,执行成功
2020-07-05 19:04:34,310::INFO::测试用例2：新增项目：金额为空,执行成功
2020-07-05 19:04:34,730::INFO::测试用例3：新增项目：金额范围错误,执行成功
2020-07-05 19:04:35,140::INFO::测试用例4：新增项目：利率错误,执行成功
2020-07-05 19:04:35,948::INFO::测试用例：1，用例名称：审核通过,执行成功
2020-07-05 19:04:36,527::INFO::测试用例：2，用例名称：审核不通过,执行成功
2020-07-05 19:04:37,130::INFO::测试用例：3，用例名称：项目不是待审核状态,执行成功
2020-07-05 19:04:37,930::INFO::测试用例：4，用例名称：参数approved_or_not为空,执行成功
2020-07-05 19:04:38,490::INFO::测试用例：5，用例名称：项目不存在,执行成功
2020-07-05 19:04:39,670::INFO::测试用例1：投资人正常投资,执行成功
2020-07-05 19:04:40,520::INFO::测试用例2：投资人ID为空,执行成功
2020-07-05 19:04:41,490::INFO::测试用例3：标ID为空,执行成功
2020-07-05 19:04:42,460::INFO::测试用例4：投资余额为空,执行成功
2020-07-05 19:04:42,590::INFO::测试用例:1通过
2020-07-05 19:04:42,590::INFO::测试用例1：正确的用户名,执行成功
2020-07-05 19:04:42,760::INFO::测试用例:2通过
2020-07-05 19:04:42,760::INFO::测试用例2：错误的用户,执行成功
2020-07-05 19:04:42,880::INFO::测试用例:3通过
2020-07-05 19:04:42,880::INFO::测试用例3：错误的用户,执行成功
2020-07-05 19:04:43,530::INFO::测试用例1:充值0元,执行通过
2020-07-05 19:04:44,037::INFO::测试用例2:充值10000元,执行通过
2020-07-05 19:04:44,517::INFO::测试用例3:充值1000000元,执行通过
2020-07-05 19:04:44,934::INFO::测试用例4:充值数量不填,执行通过
2020-07-05 19:04:45,054::INFO::测试用例1：手机号为空,执行成功
2020-07-05 19:04:45,184::INFO::测试用例2：手机号长度为10位,执行成功
2020-07-05 19:04:45,304::INFO::测试用例3：手机号长度为12位,执行成功
2020-07-05 19:04:45,424::INFO::测试用例4：手机号含有非法字符,执行成功
2020-07-05 19:04:45,594::INFO::测试用例5：已经注册过的手机号,执行成功
2020-07-05 19:04:45,694::INFO::测试用例6：密码7位,执行成功
2020-07-05 19:04:46,474::INFO::测试用例7：注册成功,执行成功
2020-07-05 19:04:46,584::INFO::测试用例8：密码为17位,执行成功
2020-07-05 19:04:47,134::INFO::测试用例1:余额够用，提现100元执行通过
2020-07-05 19:04:47,514::INFO::测试用例2:余额够用，全部提现执行通过
2020-07-05 19:04:47,834::INFO::测试用例3:余额为0，继续提现执行通过
2020-07-05 19:04:48,134::INFO::测试用例4:提现超出50万的金钱执行通过
2020-07-06 17:37:01,747::INFO::测试用例1：新增项目成功,执行成功
2020-07-06 17:37:05,928::INFO::测试用例2：新增项目：金额为空,执行成功
2020-07-06 17:37:06,682::INFO::测试用例3：新增项目：金额范围错误,执行成功
2020-07-06 17:37:07,222::INFO::测试用例4：新增项目：利率错误,执行成功
2020-07-06 17:37:08,222::INFO::测试用例：1，用例名称：审核通过,执行成功
2020-07-06 17:37:09,491::INFO::测试用例：2，用例名称：审核不通过,执行成功
2020-07-06 17:37:10,210::INFO::测试用例：3，用例名称：项目不是待审核状态,执行成功
2020-07-06 17:37:10,931::INFO::测试用例：4，用例名称：参数approved_or_not为空,执行成功
2020-07-06 17:37:11,598::INFO::测试用例：5，用例名称：项目不存在,执行成功
2020-07-06 17:37:13,318::INFO::测试用例1：投资人正常投资,执行成功
2020-07-06 17:37:14,811::INFO::测试用例2：投资人ID为空,执行成功
2020-07-06 17:37:15,850::INFO::测试用例3：标ID为空,执行成功
2020-07-06 17:37:17,028::INFO::测试用例4：投资余额为空,执行成功
2020-07-06 17:37:17,155::INFO::测试用例:1通过
2020-07-06 17:37:17,157::INFO::测试用例1：正确的用户名,执行成功
2020-07-06 17:37:17,466::INFO::测试用例:2通过
2020-07-06 17:37:17,466::INFO::测试用例2：错误的用户,执行成功
2020-07-06 17:37:17,683::INFO::测试用例:3通过
2020-07-06 17:37:17,683::INFO::测试用例3：错误的用户,执行成功
2020-07-06 17:37:18,530::INFO::测试用例1:充值0元,执行通过
2020-07-06 17:37:19,145::INFO::测试用例2:充值10000元,执行通过
2020-07-06 17:37:20,087::INFO::测试用例3:充值1000000元,执行通过
2020-07-06 17:37:20,694::INFO::测试用例4:充值数量不填,执行通过
2020-07-06 17:37:20,959::INFO::测试用例1：手机号为空,执行成功
2020-07-06 17:37:21,181::INFO::测试用例2：手机号长度为10位,执行成功
2020-07-06 17:37:21,408::INFO::测试用例3：手机号长度为12位,执行成功
2020-07-06 17:37:21,619::INFO::测试用例4：手机号含有非法字符,执行成功
2020-07-06 17:37:21,932::INFO::测试用例5：已经注册过的手机号,执行成功
2020-07-06 17:37:22,155::INFO::测试用例6：密码7位,执行成功
2020-07-06 17:37:23,232::INFO::测试用例7：注册成功,执行成功
2020-07-06 17:37:23,871::INFO::测试用例8：密码为17位,执行成功
2020-07-06 17:37:24,829::INFO::测试用例1:余额够用，提现100元执行通过
2020-07-06 17:37:25,271::INFO::测试用例2:余额够用，全部提现执行通过
2020-07-06 17:37:25,877::INFO::测试用例3:余额为0，继续提现执行通过
2020-07-06 17:37:26,266::INFO::测试用例4:提现超出50万的金钱执行通过
2020-08-03 10:37:53,161::INFO::测试用例1：正确的用户名,执行成功
2020-08-03 10:37:53,165::ERROR::False is not true
2020-08-03 10:37:53,280::INFO::测试用例:2通过
2020-08-03 10:37:53,280::INFO::测试用例2：错误的用户,执行成功
2020-08-03 10:37:53,464::INFO::测试用例:3通过
2020-08-03 10:37:53,464::INFO::测试用例3：错误的用户,执行成功
2020-08-03 10:38:48,937::INFO::测试用例1：手机号为空,执行成功
2020-08-03 10:38:49,098::INFO::测试用例2：手机号长度为10位,执行成功
2020-08-03 10:38:49,272::INFO::测试用例3：手机号长度为12位,执行成功
2020-08-03 10:38:49,438::INFO::测试用例4：手机号含有非法字符,执行成功
2020-08-03 10:38:49,807::INFO::测试用例5：已经注册过的手机号,执行失败
2020-08-03 10:38:49,869::INFO::测试用例6：密码7位,执行成功
2020-08-03 10:38:50,759::INFO::测试用例7：注册成功,执行成功
2020-08-03 10:38:53,915::INFO::测试用例8：密码为17位,执行成功
2020-08-06 10:37:57,183::INFO::测试用例1：正确的用户名,执行成功
2020-08-06 10:37:57,201::ERROR::False is not true
2020-08-06 10:37:57,470::INFO::测试用例2：错误的用户,执行成功
2020-08-06 10:37:57,470::ERROR::False is not true
2020-08-06 10:37:57,539::INFO::测试用例:3通过
2020-08-06 10:37:57,539::INFO::测试用例3：错误的用户,执行成功
2020-08-06 10:38:11,797::INFO::测试用例1：手机号为空,执行成功
2020-08-06 10:38:11,962::INFO::测试用例2：手机号长度为10位,执行成功
2020-08-06 10:38:12,136::INFO::测试用例3：手机号长度为12位,执行成功
2020-08-06 10:38:12,310::INFO::测试用例4：手机号含有非法字符,执行成功
2020-08-06 10:38:12,514::INFO::测试用例5：已经注册过的手机号,执行成功
2020-08-06 10:38:12,678::INFO::测试用例6：密码7位,执行成功
2020-08-06 10:38:14,173::INFO::测试用例7：注册成功,执行成功
2020-08-06 10:38:14,331::INFO::测试用例8：密码为17位,执行成功
2020-08-13 11:11:42,973::INFO::测试用例1：正确的用户名,执行成功
2020-08-13 11:11:42,982::ERROR::False is not true
2020-08-13 11:11:43,223::INFO::测试用例2：错误的用户,执行成功
2020-08-13 11:11:43,223::ERROR::False is not true
2020-08-13 11:11:43,530::INFO::测试用例:3通过
2020-08-13 11:11:43,530::INFO::测试用例3：错误的用户,执行成功
2020-08-13 11:11:52,786::INFO::测试用例1：手机号为空,执行成功
2020-08-13 11:11:52,980::INFO::测试用例2：手机号长度为10位,执行成功
2020-08-13 11:11:53,160::INFO::测试用例3：手机号长度为12位,执行成功
2020-08-13 11:11:56,355::INFO::测试用例4：手机号含有非法字符,执行成功
2020-08-13 11:11:56,568::INFO::测试用例5：已经注册过的手机号,执行成功
2020-08-13 11:11:56,769::INFO::测试用例6：密码7位,执行成功
2020-08-13 11:11:57,697::INFO::测试用例7：注册成功,执行成功
2020-08-13 11:11:57,857::INFO::测试用例8：密码为17位,执行成功
2020-08-13 11:14:15,861::INFO::测试用例1：正确的用户名,执行成功
2020-08-13 11:14:15,861::ERROR::False is not true
2020-08-13 11:14:16,085::INFO::测试用例2：错误的用户,执行成功
2020-08-13 11:14:16,085::ERROR::False is not true
2020-08-13 11:14:16,157::INFO::测试用例:3通过
2020-08-13 11:14:16,157::INFO::测试用例3：错误的用户,执行成功
2020-08-13 15:55:20,623::INFO::测试用例1：手机号为空,执行成功
2020-08-13 15:55:20,815::INFO::测试用例2：手机号长度为10位,执行成功
2020-08-13 15:55:21,014::INFO::测试用例3：手机号长度为12位,执行成功
2020-08-13 15:55:21,192::INFO::测试用例4：手机号含有非法字符,执行成功
2020-08-13 15:55:21,415::INFO::测试用例5：已经注册过的手机号,执行成功
2020-08-13 15:55:21,597::INFO::测试用例6：密码7位,执行成功
2020-08-13 15:55:22,513::INFO::测试用例7：注册成功,执行成功
2020-08-13 15:55:22,688::INFO::测试用例8：密码为17位,执行成功
2020-08-19 11:01:26,981::INFO::测试用例1：手机号为空,执行成功
2020-08-19 11:01:27,203::INFO::测试用例2：手机号长度为10位,执行成功
2020-08-19 11:01:27,487::INFO::测试用例3：手机号长度为12位,执行成功
2020-08-19 11:01:27,681::INFO::测试用例4：手机号含有非法字符,执行成功
2020-08-19 11:01:27,970::INFO::测试用例5：已经注册过的手机号,执行成功
2020-08-19 11:01:28,220::INFO::测试用例6：密码7位,执行成功
2020-08-19 11:01:29,432::INFO::测试用例7：注册成功,执行成功
2020-08-19 11:01:29,972::INFO::测试用例8：密码为17位,执行成功
